C:\Users\Nico\Documents\Thomas more\Digi-sketch\programma\project.xsf 
C:\Users\Nico\Documents\Thomas more\Digi-sketch\programma\project.inc 
       1       1   00000                  ;------------------------------------------------------------------
       2       2   00000                  ;Lijst van functies:
       3       3   00000                  ;   -statusCheck            Status check van scherm opslaan in STA register
       4       4   00000                  ;   -initGLCD               Initializatie van grafisch LCD scherm
       5       5   00000                  ;   -debug                  debug info op seriele poot zetten
       6       6   00000                  ;   -dataWrite              data naar het scherm sturen
       7       7   00000                  ;   -dataRead               data van het scherm lezen
       8       8   00000                  ;   -comandWrite            comanndo naar scherm sturen
       9       9   00000                  ;------------------------------------------------------------------
      10      10   00000                  ;------------------------------------------------------------------
      11      11   00000                  ;declaratie van pinnen
      12      12   00000                  ;------------------------------------------------------------------
      13      13   00000                      ;scherm
      14      14   00000                      WR          bit     p3_data.0   ;write line van scherm actief laag
                                          ***** Error: Unresolved operand(s)
      15      15   00000                      RD          bit     p3_data.1   ;read line van scherrm actief laag
                                          ***** Error: Unresolved operand(s)
      16      16   00000                      CE          bit     p3_data.2   ;chip enble van scherm actief laag
                                          ***** Error: Unresolved operand(s)
      17      17   00000                      CD          bit     p3_data.3   ;Command write
                                          ***** Error: Unresolved operand(s)
      18      18   00000                      RESET       bit     p0_data.1   ;reset van scherm actief laag
                                          ***** Error: Unresolved operand(s)
      19      19   00000                      FS          bit     p0_data.0   ;font groote selecteren FS=1: 6*8, FS=0: 8*8
                                          ***** Error: Unresolved operand(s)
      20      20   00000                  
      21      21   00000                      ;encoders
      22      22   00000                      SW1         bit     p2_data.2   ;knop in rotary encoder 1
                                          ***** Error: Unresolved operand(s)
      23      23   00000                      SW2         bit     p2_data.7   ;knop in rotary encoder 2
                                          ***** Error: Unresolved operand(s)
      24      24   00000                      R1A         bit     p2_data.4   ;rotary encoder 1 pin A
                                          ***** Error: Unresolved operand(s)
      25      25   00000                      R1B         bit     p2_data.3   ;rotary encoder 1 pin B
                                          ***** Error: Unresolved operand(s)
      26      26   00000                      R2A         bit     p2_data.5   ;rotary encoder 2 pin A
                                          ***** Error: Unresolved operand(s)
      27      27   00000                      R2B         bit     p2_data.6   ;rotary encoder 2 pin B
                                          ***** Error: Unresolved operand(s)
      28      28   00000                  
      29      29   00000                  ;------------------------------------------------------------------
      30      30   00000                  ;declaratie van registers
      31      31   00000                  ;------------------------------------------------------------------
      32      32   00000                      STA         equ     10h         ;geheugenplaats voor de status check
      33      33   00000                      DATAREG     equ     11h         ;geheugenplaats voor het verzenden van data naar het scherm
      34      34   00000                      COMANDREG   equ     12h         ;geheugenplaats voor het verzenden van comandos naar het scherm
      35      35   00000                      ROTARY      equ     13h         ;geheugenplaats voor de momentele waarde van de encoders
      36      36   00000                      ROTARYTEMP  equ     14h         ;geheugenplaats voor de momentele waarde van de encoders te vergelijken
      37      37   00000                      clrL        equ     15h         ;geheugenplaats voor het legen van het het scherm
      38      38   00000                      clrH        equ     16h         ;geheugenplaats voor het legen van het het scherm
      39      39   00000                      POSX        equ     17h         ;geheugenplaats voor X positie op scherm
      40      40   00000                      POSY        equ     18h         ;geheugenplaats voor Y positie op scherm
      41      41   00000                  
      42      42   00000                  ;------------------------------------------------------------------
      43      43   00000                  ;Status check van scherm opslaan in STA register
      44      44   00000                  ;-STA
      45      45   00000                  ;------------------------------------------------------------------
      46      46   00000                  statusCheck:
      47      47   00000 C000                 push    acc
                                          ***** Error: Unresolved operand(s)
      48      48   00002 C000                 push    psw
                                          ***** Error: Unresolved operand(s)
      49      49   00004 C210                 clr     STA                     ;STA register leeg maken
      50      50   00006 750000               mov     p4_dir,#000h            ;p4 als input zetten
                                          ***** Error: Unresolved operand(s)
      51      51   00009 D200                 setb    CD
                                          ***** Error: Unresolved operand(s)
      52      52   0000B D200                 setb    WR
                                          ***** Error: Unresolved operand(s)
      53      53   0000D                  stan:
      54      54   0000D C200                 clr     RD
                                          ***** Error: Unresolved operand(s)
      55      55   0000F E500                 mov     a,p4_data
                                          ***** Error: Unresolved operand(s)
      56      56   00011 D200                 setb    RD
                                          ***** Error: Unresolved operand(s)
      57      57   00013 D200                 setb    CD
                                          ***** Error: Unresolved operand(s)
      58      58   00015                  ;    mov     r0,a
      59      59   00015                  ;    lcall   debug
      60      60   00015 F510                 mov     STA,a                   ;bijhouden voor eventueel gebruik
      61      61   00017 5403                 anl     a,#03h                  ;masker voor STA0 en STA1
      62      62   00019 B403F1               cjne    a,#03h,stan
      63      63   0001C F8                   mov     r0,a
      64      64   0001D 120111               lcall   debug
      65      65   00020 7500FF               mov     p4_dir,#0ffh
                                          ***** Error: Unresolved operand(s)
      66      66   00023 D000                 pop     psw
                                          ***** Error: Unresolved operand(s)
      67      67   00025 D000                 pop     acc
                                          ***** Error: Unresolved operand(s)
      68      68   00027 22               ret
      69      69   00028                  
      70      70   00028                  ;------------------------------------------------------------------
      71      71   00028                  ;Initializatie van grafisch LCD scherm
      72      72   00028                  ;------------------------------------------------------------------
      73      73   00028                  initGLCD:
      74      74   00028 120000               lcall   initsio                 ;voor debug
                                          ***** Error: Unresolved operand(s)
      75      75   0002B 7500FF               mov     p0_dir,#0ffh            ;poort 1 als output
                                          ***** Error: Unresolved operand(s)
      76      76   0002E 7500FF               mov     p3_dir,#0ffh            ;poort 3 als output
                                          ***** Error: Unresolved operand(s)
      77      77   00031 C200                 clr     CE                      ;standaart laag houden
                                          ***** Error: Unresolved operand(s)
      78      78   00033 D200                 setb    WR                      ;standaart hoog maken
                                          ***** Error: Unresolved operand(s)
      79      79   00035 D200                 setb    RD                      ;standaart hoog maken
                                          ***** Error: Unresolved operand(s)
      80      80   00037 D200                 setb    FS                      ;font op 6*8 zetten
                                          ***** Error: Unresolved operand(s)
      81      81   00039 C200                 clr     RESET                   ;reseten van scherm
                                          ***** Error: Unresolved operand(s)
      82      82   0003B 120000               lcall   delay1ms
                                          ***** Error: Unresolved operand(s)
      83      83   0003E D200                 setb    RESET                   ;reset terug af zetten
                                          ***** Error: Unresolved operand(s)
      84      84   00040 120000               lcall   statusCheck             ;initiele status check uitvoeren
      85      85   00043 C217                 clr     POSX                    ;X positie op 0 zetten
      86      86   00045 C218                 clr     POSY                    ;Y positie op 0 zetten
      87      87   00047                  
      88      88   00047                      ;Mode set
      89      89   00047 751280               mov     COMANDREG,#10000000b
      90      90   0004A 1200FB               lcall   comandWrite
      91      91   0004D                  
      92      92   0004D                      ;Graphics home address
      93      93   0004D 751100               mov     DATAREG,#00h
      94      94   00050 1200AE               lcall   dataWrite
      95      95   00053 751100               mov     DATAREG,#00h
      96      96   00056 1200AE               lcall   dataWrite
      97      97   00059 751242               mov     COMANDREG,#42h
      98      98   0005C 1200FB               lcall   comandWrite
      99      99   0005F                  
     100     100   0005F                      ;Graphics area set
     101     101   0005F 751128               mov     DATAREG,#28h
     102     102   00062 1200AE               lcall   dataWrite
     103     103   00065 751100               mov     DATAREG,#00h
     104     104   00068 1200AE               lcall   dataWrite
     105     105   0006B 751243               mov     COMANDREG,#43h
     106     106   0006E 1200FB               lcall   comandWrite
     107     107   00071                  
     108     108   00071                      ;text home address
     109     109   00071 751100               mov     DATAREG,#00h
     110     110   00074 1200AE               lcall   dataWrite
     111     111   00077 75110A               mov     DATAREG,#0ah
     112     112   0007A 1200AE               lcall   dataWrite
     113     113   0007D 751240               mov     COMANDREG,#40h
     114     114   00080 1200FB               lcall   comandWrite
     115     115   00083                  
     116     116   00083                      ;text area set
     117     117   00083 751128               mov     DATAREG,#28h
     118     118   00086 1200AE               lcall   dataWrite
     119     119   00089 751100               mov     DATAREG,#00h
     120     120   0008C 1200AE               lcall   dataWrite
     121     121   0008F 751241               mov     COMANDREG,#41h
     122     122   00092 1200FB               lcall   comandWrite
     123     123   00095                  
     124     124   00095                      ;adres data pointer
     125     125   00095 751100               mov     DATAREG,#00h            ;lower address
     126     126   00098 1200AE               lcall   dataWrite
     127     127   0009B 751100               mov     DATAREG,#00h
     128     128   0009E 1200AE               lcall   dataWrite
     129     129   000A1 751224               mov     COMANDREG,#24h
     130     130   000A4 1200FB               lcall   comandWrite
     131     131   000A7                  
     132     132   000A7                      ;Display mode
     133     133   000A7 751290               mov     COMANDREG,#10010000b
     134     134   000AA 1200FB               lcall   comandWrite
     135     135   000AD                  
     136     136   000AD 22               ret
     137     137   000AE                  
     138     138   000AE                  ;------------------------------------------------------------------
     139     139   000AE                  ;Data naar het schem sturen
     140     140   000AE                  ;-DATAREG
     141     141   000AE                  ;------------------------------------------------------------------
     142     142   000AE                  DataWrite:
     143     143   000AE C000                 push    acc
                                          ***** Error: Unresolved operand(s)
     144     144   000B0 C000                 push    psw
                                          ***** Error: Unresolved operand(s)
     145     145   000B2 120000               lcall   statusCheck             ;status checken
     146     146   000B5 851100               mov     p4_data,DATAREG         ;zet de data op de bus
                                          ***** Error: Unresolved operand(s)
     147     147   000B8 C200                 clr     CD
                                          ***** Error: Unresolved operand(s)
     148     148   000BA 00                   nop
     149     149   000BB C200                 clr     WR
                                          ***** Error: Unresolved operand(s)
     150     150   000BD 00                   nop
     151     151   000BE D200                 setb    WR
                                          ***** Error: Unresolved operand(s)
     152     152   000C0 D000                 pop     psw
                                          ***** Error: Unresolved operand(s)
     153     153   000C2 D000                 pop     acc
                                          ***** Error: Unresolved operand(s)
     154     154   000C4 22               ret
     155     155   000C5                  
     156     156   000C5                  dataAutoWrite:
     157     157   000C5 C000                 push    acc
                                          ***** Error: Unresolved operand(s)
     158     158   000C7 C000                 push    psw
                                          ***** Error: Unresolved operand(s)
     159     159   000C9                  dataAutoWriteStatus:
     160     160   000C9 120000               lcall   statusCheck             ;status checken
     161     161   000CC E510                 mov     a,STA
     162     162   000CE 5404                 anl     a,#04h                  ;sta 2 nakijken
     163     163   000D0 B404F6               cjne    a,#04h,dataAutoWriteStatus
     164     164   000D3 851100               mov     p4_data,DATAREG         ;zet de data op de bus
                                          ***** Error: Unresolved operand(s)
     165     165   000D6 C200                 clr     CD
                                          ***** Error: Unresolved operand(s)
     166     166   000D8 00                   nop
     167     167   000D9 C200                 clr     WR
                                          ***** Error: Unresolved operand(s)
     168     168   000DB 00                   nop
     169     169   000DC D200                 setb    WR
                                          ***** Error: Unresolved operand(s)
     170     170   000DE D000                 pop     psw
                                          ***** Error: Unresolved operand(s)
     171     171   000E0 D000                 pop     acc
                                          ***** Error: Unresolved operand(s)
     172     172   000E2 22               ret
     173     173   000E3                  
     174     174   000E3                  ;------------------------------------------------------------------
     175     175   000E3                  ;data van het scherm inlezen
     176     176   000E3                  ;-DATAREG
     177     177   000E3                  ;------------------------------------------------------------------
     178     178   000E3                  DataRead:
     179     179   000E3 C000                 push    acc
                                          ***** Error: Unresolved operand(s)
     180     180   000E5 C000                 push    psw
                                          ***** Error: Unresolved operand(s)
     181     181   000E7 120000               lcall   statusCheck             ;status checken
     182     182   000EA 750000               mov     p4_dir,#000h            ;p4 als ingang
                                          ***** Error: Unresolved operand(s)
     183     183   000ED C200                 clr     CD
                                          ***** Error: Unresolved operand(s)
     184     184   000EF C200                 clr     RD
                                          ***** Error: Unresolved operand(s)
     185     185   000F1 00                   nop                             ;wachten
     186     186   000F2 00                   nop
     187     187   000F3 850011               mov     DATAREG,p4_data         ;data inlezeen van scherm
                                          ***** Error: Unresolved operand(s)
     188     188   000F6 D000                 pop     psw
                                          ***** Error: Unresolved operand(s)
     189     189   000F8 D000                 pop     acc
                                          ***** Error: Unresolved operand(s)
     190     190   000FA 22               ret
     191     191   000FB                  
     192     192   000FB                  ;------------------------------------------------------------------
     193     193   000FB                  ;comando naar het scherrm sturen
     194     194   000FB                  ;-COMANDREG
     195     195   000FB                  ;------------------------------------------------------------------
     196     196   000FB                  ComandWrite:
     197     197   000FB C000                 push    acc
                                          ***** Error: Unresolved operand(s)
     198     198   000FD C000                 push    psw
                                          ***** Error: Unresolved operand(s)
     199     199   000FF 120000               lcall   statusCheck             ;status checken
     200     200   00102 851200               mov     p4_data,COMANDREG       ;comando op de bus zetten
                                          ***** Error: Unresolved operand(s)
     201     201   00105 D200                 setb    CD
                                          ***** Error: Unresolved operand(s)
     202     202   00107 C200                 clr     WR
                                          ***** Error: Unresolved operand(s)
     203     203   00109 00                   nop
     204     204   0010A D200                 setb    WR
                                          ***** Error: Unresolved operand(s)
     205     205   0010C D000                 pop     psw
                                          ***** Error: Unresolved operand(s)
     206     206   0010E D000                 pop     acc
                                          ***** Error: Unresolved operand(s)
     207     207   00110 22               ret
     208     208   00111                  
     209     209   00111                  ;------------------------------------------------------------------
     210     210   00111                  ;debug info op seriele poort zetten
     211     211   00111                  ;-r0
     212     212   00111                  ;------------------------------------------------------------------
     213     213   00111                  debug:
     214     214   00111 C000                 push    acc
                                          ***** Error: Unresolved operand(s)
     215     215   00113 C000                 push    psw
                                          ***** Error: Unresolved operand(s)
     216     216   00115 740D                 mov     a,#0dh
     217     217   00117 120000               lcall   siooutchar
                                          ***** Error: Unresolved operand(s)
     218     218   0011A E8                   mov     a,r0
     219     219   0011B 120000               lcall   siooutbyte
                                          ***** Error: Unresolved operand(s)
     220     220   0011E 740A                 mov     a,#0ah
     221     221   00120 120000               lcall   siooutchar
                                          ***** Error: Unresolved operand(s)
     222     222   00123 D000                 pop     psw
                                          ***** Error: Unresolved operand(s)
     223     223   00125 D000                 pop     acc
                                          ***** Error: Unresolved operand(s)
     224     224   00127 22               ret
     225     225   00128                  
     226     226   00128                  ;------------------------------------------------------------------
     227     227   00128                  ;Het scherm leeg maken
     228     228   00128                  ;------------------------------------------------------------------
     229     229   00128                  clearScreen:
     230     230   00128 C000                 push    acc
                                          ***** Error: Unresolved operand(s)
     231     231   0012A C000                 push    psw
                                          ***** Error: Unresolved operand(s)
     232     232   0012C 7515FF               mov     clrL,#ffh               ;255 keer doolopen
     233     233   0012F 75160F               mov     clrH,#0fh               ;16 keer doorlopen
     234     234   00132                      ;Mode set
     235     235   00132 751280               mov     COMANDREG,#10000000b    ;OR mode
     236     236   00135 1200FB               lcall   comandWrite
     237     237   00138                      ;Display mode
     238     238   00138 75129C               mov     COMANDREG,#10011100b    ;gafisch en tekst aan zetten
     239     239   0013B 1200FB               lcall   comandWrite
     240     240   0013E                      ;auto write mode
     241     241   0013E 7512B0               mov     COMANDREG,#b0h
     242     242   00141 1200FB               lcall   comandWrite
     243     243   00144                  lus2400:
     244     244   00144 751100               mov     DATAREG,#000h
     245     245   00147 1200C5               lcall   dataAutoWrite
     246     246   0014A D515F7               djnz    clrL,lus2400
     247     247   0014D 7515FF               mov     clrL,#ffh
     248     248   00150 D516F1               djnz    clrH,lus2400
     249     249   00153                      ;data auto read af zetten
     250     250   00153 7512B2               mov     COMANDREG,#b2h
     251     251   00156 1200FB               lcall   comandWrite
     252     252   00159                  
     253     253   00159                      ;adres data pointer resetten
     254     254   00159 751100               mov     DATAREG,#00h            ;lower address
     255     255   0015C 1200AE               lcall   dataWrite
     256     256   0015F 751100               mov     DATAREG,#00h
     257     257   00162 1200AE               lcall   dataWrite
     258     258   00165 751224               mov     COMANDREG,#24h
     259     259   00168 1200FB               lcall   comandWrite
     260     260   0016B D000                 pop     acc
                                          ***** Error: Unresolved operand(s)
     261     261   0016D D000                 pop     psw
                                          ***** Error: Unresolved operand(s)
     262     262   0016F 22               ret
     263     263   00170                  
     264     264   00170                  ;------------------------------------------------------------------
     265     265   00170                  ;encoders initializeren
     266     266   00170                  ;------------------------------------------------------------------
     267     267   00170                  initRotary:
     268     268   00170 C000                 push    acc
                                          ***** Error: Unresolved operand(s)
     269     269   00172 C000                 push    psw
                                          ***** Error: Unresolved operand(s)
     270     270   00174 750000               mov     p2_dir,#000h            ;poort 2 als input zetten
                                          ***** Error: Unresolved operand(s)
     271     271   00177 C213                 clr     ROTARY
     272     272   00179 C214                 clr     ROTARYTEMP
     273     273   0017B 750002               mov     tmod,#00000010b         ;timer op 8bit autoreload zetten
                                          ***** Error: Unresolved operand(s)
     274     274   0017E 750080               mov     TH0,#128
                                          ***** Error: Unresolved operand(s)
     275     275   00181 750080               mov     TL0,#128
                                          ***** Error: Unresolved operand(s)
     276     276   00184 D200                 setb    ET0
                                          ***** Error: Unresolved operand(s)
     277     277   00186 D200                 setb    EA
                                          ***** Error: Unresolved operand(s)
     278     278   00188 D200                 setb    TR0
                                          ***** Error: Unresolved operand(s)
     279     279   0018A D000                 pop     psw
                                          ***** Error: Unresolved operand(s)
     280     280   0018C D000                 pop     acc
                                          ***** Error: Unresolved operand(s)
     281     281   0018E 22               ret
     282     282   0018F                  
     283     283   0018F                  ;------------------------------------------------------------------
     284     284   0018F                  ;positie encoders nakijken
     285     285   0018F                  ;------------------------------------------------------------------
     286     286   0018F                  checkRotary:
     287     287   0018F C000                 push    acc
                                          ***** Error: Unresolved operand(s)
     288     288   00191 C000                 push    psw
                                          ***** Error: Unresolved operand(s)
     289     289   00193 78FF                 mov     r0,#ffh
     290     290   00195 120111               lcall   debug
     291     291   00198 E500                 mov     a,p2_data
                                          ***** Error: Unresolved operand(s)
     292     292   0019A B51403               cjne    a,ROTARYTEMP,verzet
     293     293   0019D 0201A6               ljmp    stopRotary
     294     294   001A0                  verzet:
     295     295   001A0 F8                   mov     r0,a
     296     296   001A1 120111               lcall   debug
     297     297   001A4 F514                 mov     ROTARYTEMP,a
     298     298   001A6                  stopRotary:
     299     299   001A6 D000                 pop     psw
                                          ***** Error: Unresolved operand(s)
     300     300   001A8 D000                 pop     acc
                                          ***** Error: Unresolved operand(s)
     301     301   001AA 22               ret
     302     302   001AB                  
                                          ***** Error: Missing END statement
